// Jest Snapshot v1, https://goo.gl/fbAQLP

exports[`Storyshots MenuItem Item 1`] = `
<div
  className="menu-item"
  style={
    Object {
      "backgroundImage": "url(undefined)",
      "backgroundSize": "cover",
      "color": "black",
    }
  }
>
  <div
    className="content"
  >
    <h1
      className="title"
    />
    <span
      className="subtitle"
    >
      SHOP NOW 
    </span>
  </div>
</div>
`;
